<button type="submit" name="button" class="btn&#x20;btn-primary">Sign in</button>