<div class="form-check&#x20;form-single-check">
    <input type="checkbox" name="gridCheck1" id="gridCheck1" value="1" class="form-check-input">
    <label for="gridCheck1" class="form-check-label">Example checkbox</label>
</div>