<input type="color" name="inputColor" id="inputColor3" value="" class="form-control">