<input type="date" name="inputDate4" id="inputDate4" value="" class="form-control">