<input type="datetime" name="inputDate4" id="inputDate4" value="" class="form-control">