<input type="email" name="inputEmail" id="inputEmail3" value="" class="form-control">