<input type="file" name="inputFile" id="inputFile3">