<input type="hidden" name="inputHidden" id="inputHidden3" value="">