<form action="&#x2F;calculator&#x2F;hr&#x2F;1&#x2F;input&#x2F;2doqt23okbdqkgabg80guef8en&#x3F;subid&#x3D;A-00-000" method="post" name="form" accept-charset="utf-8" class="form&#x20;input-form&#x20;js-help&#x20;has-help&#x20;has-preloader&#x20;js-form-validation-base&#x20;col-12&#x20;js-input-form-init" data-show-arrow="left" id="hr-form" role="form">
    <fieldset>
        <legend class="headline-calculator"><span>Was möchten Sie versichern?</span></legend>
        <div class="row">
            <label class="col-form-label&#x20;col-sm&#x20;text-sm-right" for="versbeginn">Versicherungsbeginn</label>
            <div>
                <select name="collection&#x5B;versbeginn&#x5D;" id="versbeginn" class="form-select&#x20;form-control&#x20;form-control-select&#x20;toggle-trigger" data-toggle-modus="show" data-toggle-value="datum">
                    <option value="sofort">schnellstmöglich</option>
                    <option value="datum">Datum angeben</option>
                </select>
            </div>
        </div>
        <div class="row">
            <label class="col-form-label" for="versbeginn_datum">Beginn am</label>
            <div>
                <input type="text" name="collection&#x5B;versbeginn_datum&#x5D;" id="versbeginn_datum" class="form-control&#x20;form-control-input&#x20;datepicker&#x20;js-datepicker" value="">
            </div>
        </div>
    </fieldset>
    <input type="hidden" name="sToken" value="">
    <div class="row">
        <div>
            <button type="submit" name="btn_berechnen" class="btn&#x20;btn-default&#x20;js-gtm-event" data-event-type="click" data-event-category="versicherung" data-event-action="calculate" data-event-label="hr">Berechnen</button>
        </div>
    </div>
    <div class="mt-2 text-info-required">* Pflichtfeld</div>
</form>