<form action="" method="POST" name="form" role="form" class="" id="form">
    <div class="row&#x20;mb-3">
        <label class="col-form-label&#x20;col-sm-2" for="inputEmail3">Email</label>
        <div class="col-sm-10">
            <input type="email" name="inputEmail3" id="inputEmail3" required="required" value="" class="form-control">
        </div>
    </div>
    <div class="row&#x20;mb-3">
        <label class="col-form-label&#x20;col-sm-2" for="inputPassword3">Password</label>
        <div class="col-sm-10">
            <input type="password" name="inputPassword3" id="inputPassword3" value="" class="form-control">
        </div>
    </div>
    <fieldset class="row&#x20;mb-3">
        <legend class="col-form-label&#x20;pt-0&#x20;col-sm-2">Address</legend>
        <div class="col-sm-10">
            <div class="form-check">
                <input type="radio" name="gridRadios" id="gridRadios1" required="required" class="form-check-input" value="option1">
                <label class="form-check-label" for="gridRadios1">First radio</label>
            </div>
            <div class="form-check">
                <input type="radio" name="gridRadios" required="required" id="gridRadios2" class="form-check-input" value="option2">
                <label class="form-check-label" for="gridRadios2">Second radio</label>
            </div>
            <div class="form-check">
                <input type="radio" name="gridRadios" required="required" id="gridRadios3" class="form-check-input" value="option3">
                <label class="form-check-label" for="gridRadios3">Third disabled radio</label>
            </div>
        </div>
    </fieldset>
    <div class="row&#x20;mb-3">
        <div class="offset-sm-2&#x20;col-sm-10">
            <div class="form-check">
                <input type="checkbox" name="gridCheck1" id="gridCheck1" required="required" value="1" class="form-check-input">
                <label for="gridCheck1" class="form-check-label">Example checkbox</label>
            </div>
        </div>
    </div>
    <div class="row&#x20;mb-3">
        <div class="col-12&#x20;col-sm-10">
            <button type="submit" name="button" class="btn&#x20;btn-primary">Sign in</button>
        </div>
    </div>
</form>