<input type="image" name="inputImage4" id="inputImage4" src="http&#x3A;&#x2F;&#x2F;test.org" class="form-control">