<form action="" method="POST" name="form" class="g-3&#x20;row&#x20;row-cols-lg-auto&#x20;align-items-center" role="form" id="form">
    <div class="col-md-6">
        <label class="form-label" for="inputEmail4">Email</label>
        <input type="email" name="inputEmail4" id="inputEmail4" required="required" value="" class="form-control">
    </div>
    <div class="col-md-6">
        <label class="form-label" for="inputPassword4">Password</label>
        <input type="password" name="inputPassword4" id="inputPassword4" value="" class="form-control">
    </div>
    <div class="col-12">
        <label class="form-label" for="inputAddress">Address</label>
        <input type="text" name="inputAddress" id="inputAddress" placeholder="1234&#x20;Main&#x20;St" value="" class="form-control">
    </div>
    <div class="col-12">
        <label class="form-label" for="inputAddress2">Address 2</label>
        <input type="text" name="inputAddress2" id="inputAddress2" placeholder="Apartment,&#x20;studio,&#x20;or&#x20;floor" value="" class="form-control">
    </div>
    <div class="col-md-6">
        <label class="form-label" for="inputCity">City</label>
        <input type="text" name="inputCity" id="inputCity" value="" class="form-control">
    </div>
    <div class="col-md-4">
        <label class="form-label" for="inputState">State</label>
        <select name="inputState" id="inputState" required="required" class="form-select">
            <option value="0" selected="selected">Choose...</option>
            <option value="1">...</option>
        </select>
    </div>
    <div class="col-md-2">
        <label class="form-label" for="inputZip">Zip</label>
        <input type="text" name="inputZip" id="inputZip" value="" class="form-control">
    </div>
    <div class="col-12">
        <div class="form-check&#x20;form-single-check&#x20;form-check-inline">
            <input type="checkbox" name="gridCheck" id="gridCheck" required="required" value="1" class="form-check-input">
            <label for="gridCheck" class="form-check-label">Check me out</label>
        </div>
    </div>
    <div class="col-12">
        <button type="submit" name="button" class="btn&#x20;btn-primary">Sign in</button>
    </div>
</form>