<input type="month" name="inputMonth" id="inputMonth3" value="" class="form-control">