<input type="number" name="inputNumber" id="inputNumber3" value="" class="form-control">