<input type="password" name="inputPassword" id="inputPassword3" value="" class="form-control">