<input type="range" name="inputRange" id="inputRange3" value="" class="form-control">