<input type="reset" name="inputReset" id="inputReset3" value="" class="btn">