<input type="search" name="inputSearch" id="inputSearch3" value="" class="form-control">