<select name="inputState" id="inputState" class="form-select">
    <option value="0" selected="selected">Choose...</option>
    <option value="1">...</option>
    <optgroup label="group">
        <option value="2">Choose...</option>
        <option value="3">...</option>
        <optgroup label="group2">
            <option value="4">Choose...</option>
            <option value="5">...</option>
        </optgroup>
    </optgroup>
</select>