<input type="submit" name="inputSubmit" id="inputSubmit3" value="" class="btn">