<input type="tel" name="inputTel" id="inputTel3" value="" class="form-control">