<input type="text" name="inputText" id="inputText3" value="" class="form-control">