<input type="time" name="inputTime" id="inputTime3" value="" class="form-control">