<input type="url" name="inputUrl" id="inputUrl3" value="" class="form-control">