<form action="" method="post" name="form" class="g-0&#x20;needs-validation&#x20;was-validated&#x20;row" accept-charset="utf-8" novalidate="novalidate" data-needs-validation="1" id="rs-form" role="form">
    <fieldset data-toogle="1" class="col-8">
        <div class="form-floating">
            <div class="card&#x20;has-validation&#x20;required">
                <div class="card-body">
                    <div class="form-check">
                        <input type="radio" name="zusatzfragen" id="zusatzfragen_nein" required="required" aria-describedby="zusatzfragenHelp" value="nein" class="form-check-input">
                        <label class="form-check-label" for="zusatzfragen_nein">Ich verzichte auf die Beantwortung weiterer Fragen und wähle aus dem Vergleich einen Tarif, der meinen Bedarf erfüllt.</label>
                    </div>
                    <div class="form-check">
                        <input type="radio" name="zusatzfragen" required="required" aria-describedby="zusatzfragenHelp" id="zusatzfragen_ja" value="ja" class="form-check-input">
                        <label class="form-check-label" for="zusatzfragen_ja">Ich möchte weitere Angaben zum gewünschten Versicherungsschutz machen. Es werden dann nur Tarife angezeigt, welche die Vorgaben erfüllen.</label>
                    </div>
                </div>
            </div>
            <legend class="form-label">weitere Fragen<span class="text-info-required"><sup>*</sup></span></legend>
        </div>
        <div class="col-2&#x20;help-content" id="zusatzfragenHelp">Help-Content</div>
    </fieldset>
    <div class="col-8">
        <div class="card&#x20;has-validation">
            <div class="card-body">
                <div class="form-check">
                    <input type="hidden" name="tarif_privat" value="">
                    <input type="checkbox" name="tarif_privat" id="tarif_privat" class="form-check-input&#x20;&#x20;area-selector&#x20;js-tarif-privat" data-toggle="collapse" data-target=".collapse-more-questions" aria-expanded="true" aria-controls="collapse-unterhalt&#x20;collapse-spezialstraf" role="button" aria-describedby="tarif_privatHelp" value="1">
                    <label for="tarif_privat" class="form-check-label">Privater Bereich</label>
                </div>
            </div>
        </div>
        <div class="col-2&#x20;help-content" id="tarif_privatHelp">Help-Content</div>
    </div>
    <div class="col-8">
        <div class="card&#x20;has-validation">
            <div class="card-body">
                <div class="form-check">
                    <input type="hidden" name="tarif_beruf" value="">
                    <input type="checkbox" name="tarif_beruf" id="tarif_beruf" class="form-check-input&#x20;&#x20;area-selector&#x20;js-tarif-beruf" aria-describedby="tarif_berufHelp" value="1">
                    <label for="tarif_beruf" class="form-check-label">Arbeit &amp; Beruf</label>
                </div>
            </div>
        </div>
        <div class="col-2&#x20;help-content" id="tarif_berufHelp">Help-Content</div>
    </div>
    <div class="col-8">
        <div class="card&#x20;has-validation">
            <div class="card-body">
                <div class="form-check">
                    <input type="hidden" name="tarif_verkehr_familie" value="">
                    <input type="checkbox" name="tarif_verkehr_familie" id="tarif_verkehr_familie" class="form-check-input&#x20;&#x20;area-selector&#x20;js-tarif-verkehr-familie" aria-describedby="tarif_verkehr_familieHelp" value="1">
                    <label for="tarif_verkehr_familie" class="form-check-label">Verkehr Familie (für alle KFZ)</label>
                </div>
            </div>
        </div>
        <div class="col-2&#x20;help-content" id="tarif_verkehr_familieHelp">Help-Content</div>
    </div>
    <div class="col-8">
        <div class="card&#x20;has-validation">
            <div class="card-body">
                <div class="form-check">
                    <input type="hidden" name="tarif_miete" value="">
                    <input type="checkbox" name="tarif_miete" id="tarif_miete" class="form-check-input&#x20;&#x20;area-selector&#x20;js-tarif-miete" data-toggle="collapse" aria-expanded="false" role="button" aria-describedby="tarif_mieteHelp" value="1">
                    <label for="tarif_miete" class="form-check-label">Eigentum &amp; Mieter</label>
                </div>
            </div>
        </div>
        <div class="col-2&#x20;help-content" id="tarif_mieteHelp">Help-Content</div>
    </div>
    <div class="col-8">
        <div class="card&#x20;has-validation">
            <div class="card-body">
                <div class="form-check">
                    <input type="hidden" name="tarif_verkehr" value="">
                    <input type="checkbox" name="tarif_verkehr" id="tarif_verkehr" class="form-check-input&#x20;&#x20;area-selector&#x20;js-tarif-verkehr" aria-describedby="tarif_verkehrHelp" value="1">
                    <label for="tarif_verkehr" class="form-check-label">Verkehr nur für den VN</label>
                </div>
            </div>
        </div>
        <div class="col-2&#x20;help-content" id="tarif_verkehrHelp">Help-Content</div>
    </div>
    <div class="col-8">
        <div class="form-floating">
            <select name="vermiet" id="vermiet" required="required" aria-describedby="vermietHelp" class="form-select">
                <option value="nein">nein</option>
                <option value="1">1 vermietete WE</option>
                <option value="2">2 vermietete WEs</option>
                <option value="3">3 vermietete WEs</option>
                <option value="4">4 vermietete WEs</option>
                <option value="5">5 vermietete WEs</option>
                <option value="6">6 vermietete WEs</option>
            </select>
            <label class="form-label" for="vermiet">Vermietete Wohneinheiten<span class="text-info-required"><sup>*</sup></span></label>
        </div>
        <div class="col-2&#x20;help-content" id="vermietHelp">Help-Content</div>
    </div>
    <div class="col-8">
        <div class="form-floating">
            <input type="text" name="OB1" id="OB1" required="required" title="Bitte&#x20;geben&#x20;Sie&#x20;die&#x20;Jahresmiete&#x20;an&#x21;" pattern="&#x5E;&#x5C;d&#x7B;1,&#x7D;&#x24;" aria-describedby="OB1Help" value="" class="form-control">
            <label class="form-label" for="OB1">WE 1 Jahresbruttomiete EUR<span class="text-info-required"><sup>*</sup></span></label>
        </div>
        <div class="col-2&#x20;help-content" id="OB1Help">Help-Content</div>
    </div>
    <div class="col-8">
        <div class="form-floating">
            <input type="text" name="OB2" id="OB2" required="required" title="Bitte&#x20;geben&#x20;Sie&#x20;die&#x20;Jahresmiete&#x20;an&#x21;" pattern="&#x5E;&#x5C;d&#x7B;1,&#x7D;&#x24;" aria-describedby="OB2Help" value="" class="form-control">
            <label class="form-label" for="OB2">WE 2 Jahresbruttomiete EUR<span class="text-info-required"><sup>*</sup></span></label>
        </div>
        <div class="col-2&#x20;help-content" id="OB2Help">Help-Content</div>
    </div>
    <div class="col-8">
        <div class="form-floating">
            <input type="text" name="OB3" id="OB3" required="required" title="Bitte&#x20;geben&#x20;Sie&#x20;die&#x20;Jahresmiete&#x20;an&#x21;" pattern="&#x5E;&#x5C;d&#x7B;1,&#x7D;&#x24;" aria-describedby="OB3Help" value="" class="form-control">
            <label class="form-label" for="OB3">WE 3 Jahresbruttomiete EUR<span class="text-info-required"><sup>*</sup></span></label>
        </div>
        <div class="col-2&#x20;help-content" id="OB3Help">Help-Content</div>
    </div>
    <div class="col-8">
        <div class="form-floating">
            <input type="text" name="OB4" id="OB4" required="required" title="Bitte&#x20;geben&#x20;Sie&#x20;die&#x20;Jahresmiete&#x20;an&#x21;" pattern="&#x5E;&#x5C;d&#x7B;1,&#x7D;&#x24;" aria-describedby="OB4Help" value="" class="form-control">
            <label class="form-label" for="OB4">WE 4 Jahresbruttomiete EUR<span class="text-info-required"><sup>*</sup></span></label>
        </div>
        <div class="col-2&#x20;help-content" id="OB4Help">Help-Content</div>
    </div>
    <div class="col-8">
        <div class="form-floating">
            <input type="text" name="OB5" id="OB5" required="required" title="Bitte&#x20;geben&#x20;Sie&#x20;die&#x20;Jahresmiete&#x20;an&#x21;" pattern="&#x5E;&#x5C;d&#x7B;1,&#x7D;&#x24;" aria-describedby="OB5Help" value="" class="form-control">
            <label class="form-label" for="OB5">WE 5 Jahresbruttomiete EUR<span class="text-info-required"><sup>*</sup></span></label>
        </div>
        <div class="col-2&#x20;help-content" id="OB5Help">Help-Content</div>
    </div>
    <div class="col-8">
        <div class="form-floating">
            <input type="text" name="OB6" id="OB6" required="required" title="Bitte&#x20;geben&#x20;Sie&#x20;die&#x20;Jahresmiete&#x20;an&#x21;" pattern="&#x5E;&#x5C;d&#x7B;1,&#x7D;&#x24;" aria-describedby="OB6Help" value="" class="form-control">
            <label class="form-label" for="OB6">WE 6 Jahresbruttomiete EUR<span class="text-info-required"><sup>*</sup></span></label>
        </div>
        <div class="col-2&#x20;help-content" id="OB6Help">Help-Content</div>
    </div>
    <div class="col-8">
        <div class="form-floating">
            <select name="cyber" id="cyber" required="required" aria-describedby="cyberHelp" class="form-select">
                <option value="nein">nein</option>
                <option value="ja">ja</option>
            </select>
            <label class="form-label" for="cyber">Erweiterter Internet-Schutz<span class="text-info-required"><sup>*</sup></span></label>
        </div>
        <div class="col-2&#x20;help-content" id="cyberHelp">Help-Content</div>
    </div>
    <div class="col-8">
        <div class="form-floating">
            <input type="text" name="plz" id="plz" class="form-control&#x20;&#x20;-short" placeholder="&#x20;" aria-describedby="plzHelp" value="">
            <label class="form-label" for="plz">PLZ des Antragsstellers</label>
        </div>
        <div class="col-2&#x20;help-content" id="plzHelp">Help-Content</div>
    </div>
    <div class="col-8">
        <div class="form-floating">
            <select name="famstand" id="famstand" required="required" aria-describedby="famstandHelp" class="form-select">
                <option value="Familie">Familie</option>
                <option value="Paar">Paar</option>
                <option value="Single">Single</option>
                <option value="Alleinerziehend">Alleinerziehend</option>
            </select>
            <label class="form-label" for="famstand">Familiäre Verhältnisse<span class="text-info-required"><sup>*</sup></span></label>
        </div>
        <div class="col-2&#x20;help-content" id="famstandHelp">Help-Content</div>
    </div>
    <div class="col-8">
        <div class="form-floating">
            <input type="date" name="gebdatum" id="gebdatum" autocomplete="off" max="2006-01-02" required="required" aria-describedby="gebdatumHelp" value="" class="form-control">
            <div class="invalid-feedback">nicht in Ordnung</div>
            <div class="invalid-max-feedback">zu jung</div>
            <div class="valid-feedback">in Ordnung</div>
            <label class="form-label" for="gebdatum">Geburtsdatum des Versicherungsnehmers<span class="text-info-required"><sup>*</sup></span></label>
        </div>
        <div class="col-2&#x20;help-content" id="gebdatumHelp">Help-Content</div>
    </div>
    <div class="col-8">
        <div class="form-floating">
            <input type="text" name="geburtsdatumPartner" id="geburtsdatumPartner" class="form-control&#x20;&#x20;datepicker&#x20;js-datepicker" placeholder="TT.MM.JJJJ" required="required" data-date-format="de" data-date-format-message="Bitte&#x20;geben&#x20;Sie&#x20;ein&#x20;korrektes&#x20;Geburtsdatum&#x20;an&#x21;" data-min-age="18y" data-min-age-message="Sie&#x20;sind&#x20;leider&#x20;zu&#x20;jung,&#x20;um&#x20;eine&#x20;Versicherung&#x20;abzuschlie&#xDF;en." aria-describedby="geburtsdatumPartnerHelp" value="">
            <label class="form-label" for="geburtsdatumPartner">Geburtsdatum des Ehe- oder Lebenspartners<span class="text-info-required"><sup>*</sup></span></label>
        </div>
        <div class="col-2&#x20;help-content" id="geburtsdatumPartnerHelp">Help-Content</div>
    </div>
    <div class="col-8">
        <div class="form-floating">
            <select name="anag" id="anag" class="form-select&#x20;toggle-trigger" data-toggle-modus="show" data-toggle-value="Selbst&#xE4;ndig" required="required" aria-describedby="anagHelp">
                <option value="Arbeitnehmer">Arbeitnehmer</option>
                <option value="ohne&#x20;berufliche&#x20;T&#xE4;tigkeit">ohne berufliche Tätigkeit</option>
                <option value="&#xF6;ffentl.&#x20;Dienst">öffentlicher Dienst</option>
                <option value="Selbst&#xE4;ndig">Selbständig</option>
                <option value="auf&#x20;Dauer&#x20;nicht&#x20;mehr&#x20;erwerbst&#xE4;tig">auf Dauer nicht mehr erwerbstätig</option>
                <option value="Azubi&#x2F;Student">Azubi/Student</option>
            </select>
            <label class="form-label" for="anag">Aktuelle Tätigkeit<span class="text-info-required"><sup>*</sup></span></label>
        </div>
        <div class="col-2&#x20;help-content" id="anagHelp">Help-Content</div>
    </div>
    <div class="col-8">
        <div class="form-floating">
            <select name="umsatzselbst" id="umsatzselbst" required="required" aria-describedby="umsatzselbstHelp" class="form-select">
                <option value="10000">1 - 10.000 EUR</option>
                <option value="15000">10.001 - 15.000 EUR</option>
                <option value="20000">15.001 - 20.000 EUR</option>
                <option value="50000">20.001 - 50.000 EUR</option>
                <option value="9999999">ab 50.001 EUR</option>
            </select>
            <label class="form-label" for="umsatzselbst">Jahresumsatz<span class="text-info-required"><sup>*</sup></span></label>
        </div>
        <div class="col-2&#x20;help-content" id="umsatzselbstHelp">Help-Content</div>
    </div>
    <div class="col-8">
        <div class="form-floating">
            <select name="laufzeit" id="laufzeit" required="required" aria-describedby="laufzeitHelp" class="form-select">
                <option value="1">1 Jahr</option>
                <option value="3">3 Jahre</option>
            </select>
            <label class="form-label" for="laufzeit">Laufzeit<span class="text-info-required"><sup>*</sup></span></label>
        </div>
        <div class="col-2&#x20;help-content" id="laufzeitHelp">Help-Content</div>
    </div>
    <div class="col-8">
        <div class="form-floating">
            <select name="vorvers5" id="vorvers5" required="required" title="Bitte&#x20;geben&#x20;Sie&#x20;die&#x20;Information&#x20;zur&#x20;Vorversicherung&#x20;an&#x21;" aria-describedby="vorvers5Help" class="form-select">
                <option value="">-- Bitte wählen --</option>
                <option value="keine&#x20;Vorversicherung">keine Vorversicherung</option>
                <option value="weniger&#x20;als&#x20;2&#x20;Jahre">weniger als 2 Jahre</option>
                <option value="mind.&#x20;2&#x20;Jahre">mind. 2 Jahre</option>
                <option value="mind.&#x20;3&#x20;Jahre">mind. 3 Jahre</option>
                <option value="mind.&#x20;4&#x20;Jahre">mind. 4 Jahre</option>
                <option value="mind.&#x20;5&#x20;Jahre">mind. 5 Jahre</option>
            </select>
            <label class="form-label" for="vorvers5">Wie lange bestehen oder bestanden für den Antragsteller und/oder den mitversicherten Lebenspartner Vorversicherungen?<span class="text-info-required"><sup>*</sup></span></label>
        </div>
        <div class="col-2&#x20;help-content" id="vorvers5Help">Help-Content</div>
    </div>
    <div class="col-8">
        <div class="form-floating">
            <select name="wannschaden" id="wannschaden" required="required" title="Bitte&#x20;geben&#x20;Sie&#x20;an,&#x20;wann&#x20;der&#x20;letzte&#x20;Schaden&#x20;gemeldet&#x20;wurde&#x21;" aria-describedby="wannschadenHelp" class="form-select">
                <option value="">-- Bitte wählen --</option>
                <option value="vor&#x20;mehr&#x20;als&#x20;5&#x20;Jahren&#x20;oder&#x20;schadenfrei">vor mehr als 5 Jahren oder schadenfrei</option>
                <option value="innerhalb&#x20;der&#x20;letzten&#x20;2&#x20;Jahre">innerhalb der letzten 2 Jahre</option>
                <option value="vor&#x20;mehr&#x20;als&#x20;2&#x20;Jahren">vor mehr als 2 Jahren</option>
                <option value="vor&#x20;mehr&#x20;als&#x20;3&#x20;Jahren">vor mehr als 3 Jahren</option>
                <option value="vor&#x20;mehr&#x20;als&#x20;4&#x20;Jahren">vor mehr als 4 Jahren</option>
            </select>
            <label class="form-label" for="wannschaden">Wann wurde der letzte Schaden gemeldet?<span class="text-info-required"><sup>*</sup></span></label>
        </div>
        <div class="col-2&#x20;help-content" id="wannschadenHelp">Help-Content</div>
    </div>
    <div data-toogle="1" class="col-8">
        <div class="form-floating">
            <select name="kombirabatte" id="kombirabatte" required="required" aria-describedby="kombirabatteHelp" class="form-select">
                <option value="nein" id="kr_n">nein</option>
                <option value="ja" id="kr_j">ja</option>
            </select>
            <label class="form-label" for="kombirabatte">Kombirabatte mit berechnen?<span class="text-info-required"><sup>*</sup></span></label>
        </div>
        <div class="col-2&#x20;help-content" id="kombirabatteHelp"><strong>Kombirabatte mit berechnen?</strong><p>Welche Verträge haben Sie schon oder haben vor, sie zu versichern? Je mehr Verträge Sie bei einer Gesellschaft haben, umso günstiger wird der Preis.</p></div>
    </div>
    <div class="col-8">
        <div class="card&#x20;has-validation">
            <div class="card-body">
                <div class="form-check">
                    <input type="checkbox" name="KrPHV" id="KrPHV" class="form-check-input" aria-describedby="KrPHVHelp" value="1">
                    <label for="KrPHV" class="form-check-label">Privathaftpflicht</label>
                </div>
            </div>
        </div>
        <div class="col-2&#x20;help-content" id="KrPHVHelp">Help-Content</div>
    </div>
    <div class="col-8">
        <div class="card&#x20;has-validation">
            <div class="card-body">
                <div class="form-check">
                    <input type="checkbox" name="KrTIE" id="KrTIE" class="form-check-input" aria-describedby="KrTIEHelp" value="1">
                    <label for="KrTIE" class="form-check-label">Tierhalterhaftpflicht</label>
                </div>
            </div>
        </div>
        <div class="col-2&#x20;help-content" id="KrTIEHelp">Help-Content</div>
    </div>
    <div class="col-8">
        <div class="card&#x20;has-validation">
            <div class="card-body">
                <div class="form-check">
                    <input type="checkbox" name="KrHUG" id="KrHUG" class="form-check-input" aria-describedby="KrHUGHelp" value="1">
                    <label for="KrHUG" class="form-check-label">Haus-Grundbesitzer Haftpflicht</label>
                </div>
            </div>
        </div>
        <div class="col-2&#x20;help-content" id="KrHUGHelp">Help-Content</div>
    </div>
    <div class="col-8">
        <div class="card&#x20;has-validation">
            <div class="card-body">
                <div class="form-check">
                    <input type="checkbox" name="KrOEL" id="KrOEL" class="form-check-input" aria-describedby="KrOELHelp" value="1">
                    <label for="KrOEL" class="form-check-label">Gewässerschaden/Öltank</label>
                </div>
            </div>
        </div>
        <div class="col-2&#x20;help-content" id="KrOELHelp">Help-Content</div>
    </div>
    <div class="col-8">
        <div class="card&#x20;has-validation">
            <div class="card-body">
                <div class="form-check">
                    <input type="checkbox" name="KrWG" id="KrWG" class="form-check-input" aria-describedby="KrWGHelp" value="1">
                    <label for="KrWG" class="form-check-label">Wohngebäude</label>
                </div>
            </div>
        </div>
        <div class="col-2&#x20;help-content" id="KrWGHelp">Help-Content</div>
    </div>
    <div class="col-8">
        <div class="card&#x20;has-validation">
            <div class="card-body">
                <div class="form-check">
                    <input type="checkbox" name="KrWGGLS" id="KrWGGLS" class="form-check-input" aria-describedby="KrWGGLSHelp" value="1">
                    <label for="KrWGGLS" class="form-check-label">Wohngebäude-Glas</label>
                </div>
            </div>
        </div>
        <div class="col-2&#x20;help-content" id="KrWGGLSHelp">Help-Content</div>
    </div>
    <div class="col-8">
        <div class="card&#x20;has-validation">
            <div class="card-body">
                <div class="form-check">
                    <input type="checkbox" name="KrHR" id="KrHR" class="form-check-input" aria-describedby="KrHRHelp" value="1">
                    <label for="KrHR" class="form-check-label">Hausrat</label>
                </div>
            </div>
        </div>
        <div class="col-2&#x20;help-content" id="KrHRHelp">Help-Content</div>
    </div>
    <div class="col-8">
        <div class="card&#x20;has-validation">
            <div class="card-body">
                <div class="form-check">
                    <input type="checkbox" name="KrHRGLS" id="KrHRGLS" class="form-check-input" aria-describedby="KrHRGLSHelp" value="1">
                    <label for="KrHRGLS" class="form-check-label">Hausrat-Glas</label>
                </div>
            </div>
        </div>
        <div class="col-2&#x20;help-content" id="KrHRGLSHelp">Help-Content</div>
    </div>
    <div class="col-8">
        <div class="card&#x20;has-validation">
            <div class="card-body">
                <div class="form-check">
                    <input type="checkbox" name="KrUNF" id="KrUNF" class="form-check-input" aria-describedby="KrUNFHelp" value="1">
                    <label for="KrUNF" class="form-check-label">Unfall</label>
                </div>
            </div>
        </div>
        <div class="col-2&#x20;help-content" id="KrUNFHelp">Help-Content</div>
    </div>
    <div class="col-8">
        <div class="card&#x20;has-validation">
            <div class="card-body">
                <div class="form-check">
                    <input type="checkbox" name="KrRS" id="KrRS" class="form-check-input" aria-describedby="KrRSHelp" value="1">
                    <label for="KrRS" class="form-check-label">Rechtsschutz</label>
                </div>
            </div>
        </div>
        <div class="col-2&#x20;help-content" id="KrRSHelp">Help-Content</div>
    </div>
    <div class="col-8">
        <div class="form-floating">
            <select name="vs_v" id="vs_v" required="required" aria-describedby="vs_vHelp" class="form-select">
                <option value="100000">weniger als 300.000 EUR</option>
                <option value="300000">300.000 EUR (AK Empfehlung)</option>
                <option value="500000">500.000 EUR</option>
                <option value="unbegrenzt">unbegrenzt</option>
            </select>
            <label class="form-label" for="vs_v">Deckungssumme?<span class="text-info-required"><sup>*</sup></span></label>
        </div>
        <div class="col-2&#x20;help-content" id="vs_vHelp">Help-Content</div>
    </div>
    <div class="col-8">
        <div class="form-floating">
            <select name="kaution_v" id="kaution_v" required="required" aria-describedby="kaution_vHelp" class="form-select">
                <option value="50000">50.000 EUR</option>
                <option value="100000">100.000 EUR (AK Empfehlung)</option>
                <option value="100001">mehr als 100.000 EUR</option>
            </select>
            <label class="form-label" for="kaution_v">Strafkautionen?<span class="text-info-required"><sup>*</sup></span></label>
        </div>
        <div class="col-2&#x20;help-content" id="kaution_vHelp">Help-Content</div>
    </div>
    <div class="col-8">
        <div class="form-floating">
            <select name="folge_v" id="folge_v" required="required" aria-describedby="folge_vHelp" class="form-select">
                <option value="nein">nein</option>
                <option value="ja">ja (AK Empfehlung)</option>
            </select>
            <label class="form-label" for="folge_v">Schadensregulierung nach Folgeereignistheorie<span class="text-info-required"><sup>*</sup></span></label>
        </div>
        <div class="col-2&#x20;help-content" id="folge_vHelp">Help-Content</div>
    </div>
    <div class="col-8">
        <div class="form-floating">
            <select name="ehestreit_v" id="ehestreit_v" required="required" aria-describedby="ehestreit_vHelp" class="form-select">
                <option value="nein">nein</option>
                <option value="beratung">mindestens Beratungsleistung</option>
                <option value="aussergerichtlich">mindestens außergerichtlich</option>
                <option value="gerichtlich">Übernahme gerichtliche Kosten</option>
            </select>
            <label class="form-label" for="ehestreit_v">Rechtsschutz in Ehesachen (nur wenn verheiratet)<span class="text-info-required"><sup>*</sup></span></label>
        </div>
        <div class="col-2&#x20;help-content" id="ehestreit_vHelp">Help-Content</div>
    </div>
    <div class="col-8">
        <div class="form-floating">
            <select name="unterhalt_v" id="unterhalt_v" required="required" aria-describedby="unterhalt_vHelp" class="form-select">
                <option value="nein">nein</option>
                <option value="beratung">mindestens Beratungsleistung</option>
                <option value="aussergerichtlich">mindestens außergerichtlich</option>
                <option value="gerichtlich">Übernahme gerichtliche Kosten</option>
            </select>
            <label class="form-label" for="unterhalt_v">Rechtsschutz für Unterhalt<span class="text-info-required"><sup>*</sup></span></label>
        </div>
        <div class="col-2&#x20;help-content" id="unterhalt_vHelp">Help-Content</div>
    </div>
    <div class="col-8">
        <div class="form-floating">
            <select name="spezialstraf_v" id="spezialstraf_v" required="required" aria-describedby="spezialstraf_vHelp" class="form-select">
                <option value="nein">nein</option>
                <option value="ja">ja</option>
            </select>
            <label class="form-label" for="spezialstraf_v">Einschluss Spezial-Straf-Rechtschutz<span class="text-info-required"><sup>*</sup></span></label>
        </div>
        <div class="col-2&#x20;help-content" id="spezialstraf_vHelp">Help-Content</div>
    </div>
    <div class="col-8">
        <div class="form-floating">
            <select name="zahlweise" id="zahlweise" aria-describedby="zahlweiseHelp" class="form-select">
                <option value="1">jährlich</option>
                <option value="2">halbjährlich</option>
                <option value="4">vierteljährlich</option>
                <option value="12">monatlich</option>
            </select>
            <label class="form-label" for="zahlweise">Zahlweise</label>
        </div>
        <div class="col-2&#x20;help-content" id="zahlweiseHelp">Help-Content</div>
    </div>
    <div class="col-8">
        <div class="card&#x20;has-validation&#x20;required">
            <div class="card-body">
                <div class="form-check">
                    <input type="hidden" name="chkErstinfo" value="">
                    <input type="checkbox" name="chkErstinfo" id="mrmoErstinfo" class="form-check-input" required="required" aria-describedby="mrmoErstinfoHelp" value="1">
                    <label for="mrmoErstinfo" class="form-check-label">Ich bestätige, die Erstinformation für Versicherungsmakler gemäß § 15 VersVermV heruntergeladen und gelesen zu haben.</label>
                </div>
            </div>
        </div>
        <div class="col-2&#x20;help-content" id="mrmoErstinfoHelp">Help-Content</div>
    </div>
    <input type="hidden" name="selbstMin" id="selbstMin" value="">
    <input type="hidden" name="selbstMax" id="selbstMax" value="">
    <input type="hidden" name="sToken" value="">
    <div class="col-8">
        <button type="submit" name="btn_berechnen" class="btn&#x20;btn-primary">Berechnen</button>
    </div>
    <div class="mt-2 text-info-required"><sup>*</sup> Pflichtfeld</div>
</form>