<form action="" method="POST" name="form" class="form&#x20;p-3&#x20;g-0&#x20;needs-validation&#x20;row" novalidate="novalidate" role="form" id="form">
    <fieldset aria-label="allgemeine&#x20;Informationen" class="form&#x20;border&#x20;p-3&#x20;g-0">
        <legend class="w-auto&#x20;px-2"><span>allgemeine Informationen</span></legend>
        <div>
            <div class="form-floating">
                <input type="text" name="general&#x5B;name&#x5D;" id="name" class="form-control&#x20;form-control-input&#x20;form-control-short" autocomplete="off" aria-label="Mandant" placeholder="&#x20;" required="required" value="">
                <label class="form-label" for="name">Mandant</label>
            </div>
        </div>
        <div>
            <div class="form-floating">
                <input type="text" name="general&#x5B;mandantor&#x5D;" id="mandantor" class="form-control&#x20;form-control-input&#x20;form-control-short" autocomplete="off" aria-label="Mandantenname" placeholder="&#x20;" required="required" value="">
                <label class="form-label" for="mandantor">Mandantenname</label>
            </div>
        </div>
        <div>
            <div class="form-floating">
                <input type="text" name="general&#x5B;theme&#x5D;" id="theme" class="form-control&#x20;form-control-input&#x20;form-control-short" autocomplete="off" aria-label="Theme" placeholder="&#x20;" value="">
                <label class="form-label" for="theme">Theme</label>
            </div>
        </div>
        <div>
            <div class="form-floating">
                <select name="general&#x5B;locale&#x5D;" id="locale" class="form-select&#x20;form-control&#x20;form-control-select" autocomplete="off" aria-label="Sprach-Code" required="required">
                    <option value="de_DE">deutsch</option>
                </select>
                <label class="form-label" for="locale">Sprach-Code</label>
            </div>
        </div>
        <div>
            <div class="form-floating">
                <select name="general&#x5B;translationDomain&#x5D;" id="translationDomain" class="form-select&#x20;form-control&#x20;form-control-select" autocomplete="off" aria-label="Sprach-Version" required="required">
                    <option value="default">Sie-Form</option>
                    <option value="casually">Du-Form</option>
                </select>
                <label class="form-label" for="translationDomain">Sprach-Version</label>
            </div>
        </div>
        <div>
            <div class="form-floating">
                <select name="general&#x5B;role&#x5D;" id="role" class="form-select&#x20;form-control&#x20;form-control-select" autocomplete="off" aria-label="Rolle&#x20;des&#x20;Mandanten&#x3F;" required="required">
                    <option value="Mandant">Mandant</option>
                    <option value="Guest">Guest</option>
                </select>
                <label class="form-label" for="role">Rolle des Mandanten?</label>
            </div>
        </div>
        <div>
            <div class="form-floating">
                <select name="general&#x5B;active&#x5D;" id="active" class="form-select&#x20;form-control&#x20;form-control-select" autocomplete="off" aria-label="Mandant&#x20;ist&#x20;aktiv&#x3F;" required="required">
                    <option value="Y">Ja</option>
                    <option value="N">Nein</option>
                </select>
                <label class="form-label" for="active">Mandant ist aktiv?</label>
            </div>
        </div>
    </fieldset>
    <fieldset aria-label="Optionen&#x20;f&#xFC;r&#x20;VTools" class="form&#x20;border&#x20;p-3&#x20;g-0">
        <legend class="w-auto&#x20;px-2"><span>Optionen für VTools</span></legend>
        <div>
            <div class="form-floating">
                <select name="vt&#x5B;rente&#x5D;" id="rente" class="form-select&#x20;form-control&#x20;form-control-select" autocomplete="off" aria-label="Ist&#x20;die&#x20;Rentenl&#xFC;cke&#x20;f&#xFC;r&#x20;den&#x20;Mandanten&#x20;aktiviert&#x3F;" required="required">
                    <option value="Y">Ja</option>
                    <option value="N">Nein</option>
                </select>
                <label class="form-label" for="rente">Ist die Rentenlücke für den Mandanten aktiviert?</label>
            </div>
        </div>
        <div>
            <div class="form-floating">
                <select name="vt&#x5B;pflege&#x5D;" id="pflege" class="form-select&#x20;form-control&#x20;form-control-select" autocomplete="off" aria-label="Ist&#x20;die&#x20;Pflegel&#xFC;cke&#x20;f&#xFC;r&#x20;den&#x20;Mandanten&#x20;aktiviert&#x3F;" required="required">
                    <option value="Y">Ja</option>
                    <option value="N">Nein</option>
                </select>
                <label class="form-label" for="pflege">Ist die Pflegelücke für den Mandanten aktiviert?</label>
            </div>
        </div>
        <div>
            <div class="form-floating">
                <select name="vt&#x5B;bu&#x5D;" id="bu" class="form-select&#x20;form-control&#x20;form-control-select" autocomplete="off" aria-label="Ist&#x20;die&#x20;BU-L&#xFC;cke&#x20;f&#xFC;r&#x20;den&#x20;Mandanten&#x20;aktiviert&#x3F;" required="required">
                    <option value="Y">Ja</option>
                    <option value="N">Nein</option>
                </select>
                <label class="form-label" for="bu">Ist die BU-Lücke für den Mandanten aktiviert?</label>
            </div>
        </div>
        <div>
            <div class="form-floating">
                <select name="vt&#x5B;gkv&#x5D;" id="gkv" class="form-select&#x20;form-control&#x20;form-control-select" autocomplete="off" aria-label="Ist&#x20;der&#x20;GKV&#x20;f&#xFC;r&#x20;den&#x20;Mandanten&#x20;aktiviert&#x3F;" required="required">
                    <option value="Y">Ja</option>
                    <option value="N">Nein</option>
                </select>
                <label class="form-label" for="gkv">Ist der GKV für den Mandanten aktiviert?</label>
            </div>
        </div>
    </fieldset>
    <fieldset aria-label="Optionen&#x20;f&#xFC;r&#x20;Alttarifbewertung" class="form&#x20;border&#x20;p-3&#x20;g-0">
        <legend class="w-auto&#x20;px-2"><span>Optionen für Alttarifbewertung</span></legend>
        <div>
            <div class="form-floating">
                <select name="atb&#x5B;atb&#x5D;" id="atb" class="form-select&#x20;form-control&#x20;form-control-select" autocomplete="off" aria-label="Ist&#x20;die&#x20;Alttarifbewertung&#x20;f&#xFC;r&#x20;den&#x20;Mandanten&#x20;aktiviert&#x3F;" required="required">
                    <option value="Y">Ja</option>
                    <option value="N">Nein</option>
                </select>
                <label class="form-label" for="atb">Ist die Alttarifbewertung für den Mandanten aktiviert?</label>
            </div>
        </div>
        <div>
            <div class="form-floating">
                <select name="atb&#x5B;showInfo&#x5D;" id="showInfo" class="form-select&#x20;form-control&#x20;form-control-select" autocomplete="off" aria-label="Info&#x20;anzeigen&#x3F;" required="required">
                    <option value="Y">Ja</option>
                    <option value="N">Nein</option>
                </select>
                <label class="form-label" for="showInfo">Info anzeigen?</label>
            </div>
        </div>
        <div>
            <div class="form-floating">
                <select name="atb&#x5B;showComparison&#x5D;" id="showComparison" class="form-select&#x20;form-control&#x20;form-control-select" autocomplete="off" aria-label="Vergleich&#x20;anzeigen&#x3F;" required="required">
                    <option value="Y">Ja</option>
                    <option value="N">Nein</option>
                </select>
                <label class="form-label" for="showComparison">Vergleich anzeigen?</label>
            </div>
        </div>
        <div>
            <div class="form-floating">
                <select name="atb&#x5B;useCheckitProfile&#x5D;" id="useCheckitProfile" class="form-select&#x20;form-control&#x20;form-control-select" autocomplete="off" aria-label="Soll&#x20;das&#x20;&quot;checkit&quot;&#x20;Profil&#x20;genutzt&#x20;werden&#x3F;" required="required">
                    <option value="Y">Ja</option>
                    <option value="N">Nein</option>
                </select>
                <label class="form-label" for="useCheckitProfile">Soll das &quot;checkit&quot; Profil genutzt werden?</label>
            </div>
        </div>
    </fieldset>
    <fieldset aria-label="Optionen&#x20;f&#xFC;r&#x20;Kontoservice" class="form&#x20;border&#x20;p-3&#x20;g-0">
        <legend class="w-auto&#x20;px-2"><span>Optionen für Kontoservice</span></legend>
        <div>
            <div class="form-floating">
                <select name="ks&#x5B;ks&#x5D;" id="ks" class="form-select&#x20;form-control&#x20;form-control-select" autocomplete="off" aria-label="Ist&#x20;der&#x20;Kontoservice&#x20;f&#xFC;r&#x20;den&#x20;Mandanten&#x20;aktiviert&#x3F;" required="required">
                    <option value="Y">Ja</option>
                    <option value="N">Nein</option>
                </select>
                <label class="form-label" for="ks">Ist der Kontoservice für den Mandanten aktiviert?</label>
            </div>
        </div>
        <div>
            <div class="form-floating">
                <input type="number" name="ks&#x5B;limit&#x5D;" id="limit" class="form-control" autocomplete="off" aria-label="Wie&#x20;oft&#x20;kann&#x20;an&#x20;einem&#x20;Tag&#x20;ein&#x20;Nutzer&#x20;Daten&#x20;abfragen&#x3F;" min="0" max="10" placeholder="&#x20;" required="required" value="">
                <label class="form-label" for="limit">Wie oft kann an einem Tag ein Nutzer Daten abfragen?</label>
            </div>
        </div>
    </fieldset>
    <fieldset aria-label="Optionen&#x20;f&#xFC;r&#x20;Tarifwechsel" class="form&#x20;border&#x20;p-3&#x20;g-0">
        <legend class="w-auto&#x20;px-2"><span>Optionen für Tarifwechsel</span></legend>
        <div>
            <div class="form-floating">
                <select name="tw&#x5B;tw&#x5D;" id="tw" class="form-select&#x20;form-control&#x20;form-control-select" autocomplete="off" aria-label="Ist&#x20;der&#x20;Tarifwechsel&#x20;f&#xFC;r&#x20;den&#x20;Mandanten&#x20;aktiviert&#x3F;" required="required">
                    <option value="Y">Ja</option>
                    <option value="N">Nein</option>
                </select>
                <label class="form-label" for="tw">Ist der Tarifwechsel für den Mandanten aktiviert?</label>
            </div>
        </div>
        <div>
            <div class="form-floating">
                <input type="url" name="tw&#x5B;agbLink&#x5D;" id="agbLink" class="form-control" autocomplete="off" aria-label="Link&#x20;zu&#x20;den&#x20;AGB&#x20;des&#x20;Mandanten" placeholder="&#x20;" value="">
                <label class="form-label" for="agbLink">Link zu den AGB des Mandanten</label>
            </div>
        </div>
        <div>
            <div class="form-floating">
                <input type="url" name="tw&#x5B;dsLink&#x5D;" id="dsLink" class="form-control" autocomplete="off" aria-label="Link&#x20;zu&#x20;den&#x20;Datenschutzbestimmungen&#x20;des&#x20;Mandanten" placeholder="&#x20;" value="">
                <label class="form-label" for="dsLink">Link zu den Datenschutzbestimmungen des Mandanten</label>
            </div>
        </div>
    </fieldset>
    <input type="hidden" name="id" id="id" value="">
    <div class="row&#x20;border&#x20;p-3&#x20;g-0">
        <button type="submit" name="submit" id="submit" class="btn&#x20;btn-primary">speichern</button>
    </div>
</form>