<input type="week" name="inputWeek" id="inputWeek3" value="" class="form-control">